// Jest Snapshot v1, https://goo.gl/fbAQLP

exports[`If - Util Should render child 1`] = `
<div
  id="condition"
>
  condition
</div>
`;

exports[`If - Util should not render child 1`] = `null`;
